******************************************************************************
             TMS320C2000 Linker PC v15.12.3                    
******************************************************************************
>> Linked Wed Sep 27 12:11:15 2017

OUTPUT FILE NAME:   <ClimbRobot.out>
ENTRY POINT SYMBOL: "code_start"  address: 00080000


MEMORY CONFIGURATION

         name            origin    length      used     unused   attr    fill
----------------------  --------  ---------  --------  --------  ----  --------
PAGE 0:
  RAMM0                 00000122   000002de  00000000  000002de  RWIX
  RAMLS0                00008000   00000800  00000072  0000078e  RWIX
  RAMLS1                00008800   00000800  00000000  00000800  RWIX
  RAMLS2                00009000   00000800  00000000  00000800  RWIX
  RAMLS3                00009800   00000800  00000000  00000800  RWIX
  RAMLS4                0000a000   00000800  00000000  00000800  RWIX
  RAMD0                 0000b000   00000800  00000000  00000800  RWIX
  BEGIN                 00080000   00000002  00000002  00000000  RWIX
  FLASHA                00080002   00001ffe  00000000  00001ffe  RWIX
  FLASHB                00082000   00002000  000012eb  00000d15  RWIX
  FLASHC                00084000   00002000  00000000  00002000  RWIX
  FLASHD                00086000   00002000  00000072  00001f8e  RWIX
  FLASHE                00088000   00008000  00000000  00008000  RWIX
  FLASHF                00090000   00008000  00000232  00007dce  RWIX
  FLASHG                00098000   00008000  00000000  00008000  RWIX
  FLASHH                000a0000   00008000  00000000  00008000  RWIX
  FLASHI                000a8000   00008000  00000000  00008000  RWIX
  FLASHJ                000b0000   00008000  00000000  00008000  RWIX
  FLASHK                000b8000   00002000  00000000  00002000  RWIX
  FLASHL                000ba000   00002000  00000000  00002000  RWIX
  FLASHM                000bc000   00002000  00000000  00002000  RWIX
  FLASHN                000be000   00002000  00000000  00002000  RWIX
  RESET                 003fffc0   00000002  00000000  00000002  RWIX

PAGE 1:
  BOOT_RSVD             00000002   00000120  00000000  00000120  RWIX
  RAMM1                 00000400   00000400  00000400  00000000  RWIX
  ADCA_RESULT           00000b00   00000020  00000018  00000008  RWIX
  ADCB_RESULT           00000b20   00000020  00000018  00000008  RWIX
  ADCC_RESULT           00000b40   00000020  00000018  00000008  RWIX
  ADCD_RESULT           00000b60   00000020  00000018  00000008  RWIX
  CPU_TIMER0            00000c00   00000008  00000008  00000000  RWIX
  CPU_TIMER1            00000c08   00000008  00000008  00000000  RWIX
  CPU_TIMER2            00000c10   00000008  00000008  00000000  RWIX
  PIE_CTRL              00000ce0   00000020  0000001a  00000006  RWIX
  PIE_VECT              00000d00   00000200  000001c0  00000040  RWIX
  DMA                   00001000   00000200  000000e0  00000120  RWIX
  CLA1                  00001400   00000040  0000003e  00000002  RWIX
  EPWM1                 00004000   00000100  00000100  00000000  RWIX
  EPWM2                 00004100   00000100  00000100  00000000  RWIX
  EPWM3                 00004200   00000100  00000100  00000000  RWIX
  EPWM4                 00004300   00000100  00000100  00000000  RWIX
  EPWM5                 00004400   00000100  00000100  00000000  RWIX
  EPWM6                 00004500   00000100  00000100  00000000  RWIX
  EPWM7                 00004600   00000100  00000100  00000000  RWIX
  EPWM8                 00004700   00000100  00000100  00000000  RWIX
  EPWM9                 00004800   00000100  00000100  00000000  RWIX
  EPWM10                00004900   00000100  00000100  00000000  RWIX
  EPWM11                00004a00   00000100  00000100  00000000  RWIX
  EPWM12                00004b00   00000100  00000100  00000000  RWIX
  ECAP1                 00005000   00000020  00000020  00000000  RWIX
  ECAP2                 00005020   00000020  00000020  00000000  RWIX
  ECAP3                 00005040   00000020  00000020  00000000  RWIX
  ECAP4                 00005060   00000020  00000020  00000000  RWIX
  ECAP5                 00005080   00000020  00000020  00000000  RWIX
  ECAP6                 000050a0   00000020  00000020  00000000  RWIX
  EQEP1                 00005100   00000040  00000022  0000001e  RWIX
  EQEP2                 00005140   00000040  00000022  0000001e  RWIX
  EQEP3                 00005180   00000040  00000022  0000001e  RWIX
  DACA                  00005c00   00000010  00000008  00000008  RWIX
  DACB                  00005c10   00000010  00000008  00000008  RWIX
  DACC                  00005c20   00000010  00000008  00000008  RWIX
  CMPSS1                00005c80   00000020  00000020  00000000  RWIX
  CMPSS2                00005ca0   00000020  00000020  00000000  RWIX
  CMPSS3                00005cc0   00000020  00000020  00000000  RWIX
  CMPSS4                00005ce0   00000020  00000020  00000000  RWIX
  CMPSS5                00005d00   00000020  00000020  00000000  RWIX
  CMPSS6                00005d20   00000020  00000020  00000000  RWIX
  CMPSS7                00005d40   00000020  00000020  00000000  RWIX
  CMPSS8                00005d60   00000020  00000020  00000000  RWIX
  SDFM1                 00005e00   00000080  00000080  00000000  RWIX
  SDFM2                 00005e80   00000080  00000080  00000000  RWIX
  MCBSPA                00006000   00000040  00000024  0000001c  RWIX
  MCBSPB                00006040   00000040  00000024  0000001c  RWIX
  SPIA                  00006100   00000010  00000010  00000000  RWIX
  SPIB                  00006110   00000010  00000010  00000000  RWIX
  SPIC                  00006120   00000010  00000010  00000000  RWIX
  SPID                  00006130   00000010  00000000  00000010  RWIX
  UPP                   00006200   00000100  00000048  000000b8  RWIX
  WD                    00007000   00000040  0000002b  00000015  RWIX
  NMIINTRUPT            00007060   00000010  00000007  00000009  RWIX
  XINT                  00007070   00000010  0000000b  00000005  RWIX
  SCIA                  00007200   00000010  00000010  00000000  RWIX
  SCIB                  00007210   00000010  00000010  00000000  RWIX
  SCIC                  00007220   00000010  00000010  00000000  RWIX
  SCID                  00007230   00000010  00000010  00000000  RWIX
  I2CA                  00007300   00000040  00000022  0000001e  RWIX
  I2CB                  00007340   00000040  00000022  0000001e  RWIX
  ADCA                  00007400   00000080  00000080  00000000  RWIX
  ADCB                  00007480   00000080  00000080  00000000  RWIX
  ADCC                  00007500   00000080  00000080  00000000  RWIX
  ADCD                  00007580   00000080  00000080  00000000  RWIX
  INPUT_XBAR            00007900   00000020  00000020  00000000  RWIX
  XBAR                  00007920   00000020  00000020  00000000  RWIX
  SYNC_SOC              00007940   00000010  00000006  0000000a  RWIX
  DMACLASRCSEL          00007980   00000040  0000001a  00000026  RWIX
  EPWM_XBAR             00007a00   00000040  00000040  00000000  RWIX
  CLB_XBAR              00007a40   00000040  00000000  00000040  RWIX
  OUTPUT_XBAR           00007a80   00000040  00000040  00000000  RWIX
  GPIOCTRL              00007c00   00000180  00000180  00000000  RWIX
  GPIODAT               00007f00   00000030  00000030  00000000  RWIX
  RAMLS5                0000a800   00000800  0000014a  000006b6  RWIX
  RAMD1                 0000b800   00000800  00000000  00000800  RWIX
  RAMGS0                0000c000   00001000  00000000  00001000  RWIX
  RAMGS1                0000d000   00001000  00000000  00001000  RWIX
  RAMGS2                0000e000   00001000  00000000  00001000  RWIX
  RAMGS3                0000f000   00001000  00000000  00001000  RWIX
  RAMGS4                00010000   00001000  00000000  00001000  RWIX
  RAMGS5                00011000   00001000  00000000  00001000  RWIX
  RAMGS6                00012000   00001000  00000000  00001000  RWIX
  RAMGS7                00013000   00001000  00000000  00001000  RWIX
  RAMGS8                00014000   00001000  00000000  00001000  RWIX
  RAMGS9                00015000   00001000  00000000  00001000  RWIX
  RAMGS10               00016000   00001000  00000000  00001000  RWIX
  RAMGS11               00017000   00001000  00000000  00001000  RWIX
  EMIF1                 00047000   00000800  00000070  00000790  RWIX
  EMIF2                 00047800   00000800  00000070  00000790  RWIX
  CANA                  00048000   00000800  00000000  00000800  RWIX
  CANB                  0004a000   00000800  00000000  00000800  RWIX
  FLASHPUMPSEMAPHORE    00050024   00000002  00000002  00000000  RWIX
  DEV_CFG               0005d000   00000180  0000012e  00000052  RWIX
  ANALOG_SUBSYS         0005d180   00000080  00000048  00000038  RWIX
  CLK_CFG               0005d200   00000100  00000032  000000ce  RWIX
  CPU_SYS               0005d300   00000100  00000082  0000007e  RWIX
  ROMPREFETCH           0005e608   00000002  00000002  00000000  RWIX
  DCSM_Z1               0005f000   00000030  00000024  0000000c  RWIX
  DCSM_Z2               0005f040   00000030  00000024  0000000c  RWIX
  DCSM_COMMON           0005f070   00000010  00000008  00000008  RWIX
  MEMCFG                0005f400   00000080  00000080  00000000  RWIX
  EMIF1CONFIG           0005f480   00000020  00000020  00000000  RWIX
  EMIF2CONFIG           0005f4a0   00000020  00000020  00000000  RWIX
  ACCESSPROTECTION      0005f4c0   00000040  00000040  00000000  RWIX
  MEMORYERROR           0005f500   00000040  00000040  00000000  RWIX
  ROMWAITSTATE          0005f540   00000002  00000002  00000000  RWIX
  FLASH0_CTRL           0005f800   00000300  00000182  0000017e  RWIX
  FLASH0_ECC            0005fb00   00000040  00000028  00000018  RWIX
  FLASH1_CTRL           0005fc00   00000300  00000182  0000017e  RWIX
  FLASH1_ECC            0005ff00   00000040  00000028  00000018  RWIX
  DCSM_Z1_OTP           00078000   00000020  00000020  00000000  RWIX
  DCSM_Z2_OTP           00078200   00000020  00000020  00000000  RWIX


SECTION ALLOCATION MAP

 output                                  attributes/
section   page    origin      length       input sections
--------  ----  ----------  ----------   ----------------
codestart 
*          0    00080000    00000002     
                  00080000    00000002     F2837xS_CodeStartBranch.obj (codestart)

.cinit     0    00082000    00000063     
                  00082000    00000049     ClimbRobot_28377.obj (.cinit)
                  00082049    0000000e     rts2800_ml.lib : exit.obj (.cinit)
                  00082057    00000005                    : _lock.obj (.cinit:__lock)
                  0008205c    00000005                    : _lock.obj (.cinit:__unlock)
                  00082061    00000002     --HOLE-- [fill = 0]

.pinit     0    00082000    00000000     UNINITIALIZED

.TI.ramfunc 
*          0    00086000    00000072     RUN ADDR = 00008000
                  00086000    0000006e     F2837xS_SysCtrl.obj (.TI.ramfunc)
                  0008606e    00000004     F2837xS_usDelay.obj (.TI.ramfunc)

.stack     1    00000400    00000400     UNINITIALIZED
                  00000400    00000400     --HOLE--

.reset     0    003fffc0    00000002     DSECT
                  003fffc0    00000002     rts2800_ml.lib : boot.obj (.reset)

.text      0    00082064    00001288     
                  00082064    00000503     ClimbRobot_28377.obj (.text)
                  00082567    00000345     F2837xS_SysCtrl.obj (.text)
                  000828ac    000002c1     F2837xS_DefaultISR.obj (.text:retain)
                  00082b6d    00000244     F2837xS_Gpio.obj (.text)
                  00082db1    000000fd     F2837xS_EPwm.obj (.text)
                  00082eae    000000dd     F2837xS_Adc.obj (.text)
                  00082f8b    00000083     rts2800_ml.lib : fs_div.obj (.text)
                  0008300e    00000078                    : fs_add.obj (.text)
                  00083086    0000005d     ClimbRobot_28377.obj (.text:retain)
                  000830e3    0000005a     rts2800_ml.lib : fs_mpy.obj (.text)
                  0008313d    00000054                    : boot.obj (.text)
                  00083191    00000046                    : cpy_tbl.obj (.text)
                  000831d7    00000029                    : exit.obj (.text)
                  00083200    00000028     F2837xS_PieCtrl.obj (.text)
                  00083228    00000026     F2837xS_PieVect.obj (.text)
                  0008324e    0000001d     rts2800_ml.lib : fs_tou.obj (.text)
                  0008326b    0000001d                    : memcpy.obj (.text)
                  00083288    0000001a                    : cpy_utils.obj (.text)
                  000832a2    0000001a                    : i_tofs.obj (.text)
                  000832bc    00000019                    : args_main.obj (.text)
                  000832d5    0000000b                    : u_div.obj (.text)
                  000832e0    00000009                    : _lock.obj (.text)
                  000832e9    00000002                    : pre_init.obj (.text)
                  000832eb    00000001                    : startup.obj (.text)

.econst    0    00090000    00000232     
                  00090000    000001c0     F2837xS_PieVect.obj (.econst:_PieVectTableInit)
                  000901c0    00000072     ClimbRobot_28377.obj (.econst:.string)

AdcaResultFile 
*          1    00000b00    00000018     UNINITIALIZED
                  00000b00    00000018     F2837xS_GlobalVariableDefs.obj (AdcaResultFile)

AdcbResultFile 
*          1    00000b20    00000018     UNINITIALIZED
                  00000b20    00000018     F2837xS_GlobalVariableDefs.obj (AdcbResultFile)

AdccResultFile 
*          1    00000b40    00000018     UNINITIALIZED
                  00000b40    00000018     F2837xS_GlobalVariableDefs.obj (AdccResultFile)

AdcdResultFile 
*          1    00000b60    00000018     UNINITIALIZED
                  00000b60    00000018     F2837xS_GlobalVariableDefs.obj (AdcdResultFile)

CpuTimer0RegsFile 
*          1    00000c00    00000008     UNINITIALIZED
                  00000c00    00000008     F2837xS_GlobalVariableDefs.obj (CpuTimer0RegsFile)

CpuTimer1RegsFile 
*          1    00000c08    00000008     UNINITIALIZED
                  00000c08    00000008     F2837xS_GlobalVariableDefs.obj (CpuTimer1RegsFile)

CpuTimer2RegsFile 
*          1    00000c10    00000008     UNINITIALIZED
                  00000c10    00000008     F2837xS_GlobalVariableDefs.obj (CpuTimer2RegsFile)

PieCtrlRegsFile 
*          1    00000ce0    0000001a     UNINITIALIZED
                  00000ce0    0000001a     F2837xS_GlobalVariableDefs.obj (PieCtrlRegsFile)

PieVectTableFile 
*          1    00000d00    000001c0     UNINITIALIZED
                  00000d00    000001c0     F2837xS_GlobalVariableDefs.obj (PieVectTableFile)

EmuKeyVar 
*          1    00000d00    00000001     UNINITIALIZED
                  00000d00    00000001     F2837xS_GlobalVariableDefs.obj (EmuKeyVar)

EmuBModeVar 
*          1    00000d01    00000001     UNINITIALIZED
                  00000d01    00000001     F2837xS_GlobalVariableDefs.obj (EmuBModeVar)

FlashCallbackVar 
*          1    00000d02    00000000     UNINITIALIZED

FlashScalingVar 
*          1    00000d02    00000000     UNINITIALIZED

DmaRegsFile 
*          1    00001000    000000e0     UNINITIALIZED
                  00001000    000000e0     F2837xS_GlobalVariableDefs.obj (DmaRegsFile)

Cla1RegsFile 
*          1    00001400    0000003e     UNINITIALIZED
                  00001400    0000003e     F2837xS_GlobalVariableDefs.obj (Cla1RegsFile)

EPwm1RegsFile 
*          1    00004000    00000100     UNINITIALIZED
                  00004000    00000100     F2837xS_GlobalVariableDefs.obj (EPwm1RegsFile)

EPwm2RegsFile 
*          1    00004100    00000100     UNINITIALIZED
                  00004100    00000100     F2837xS_GlobalVariableDefs.obj (EPwm2RegsFile)

EPwm3RegsFile 
*          1    00004200    00000100     UNINITIALIZED
                  00004200    00000100     F2837xS_GlobalVariableDefs.obj (EPwm3RegsFile)

EPwm4RegsFile 
*          1    00004300    00000100     UNINITIALIZED
                  00004300    00000100     F2837xS_GlobalVariableDefs.obj (EPwm4RegsFile)

EPwm5RegsFile 
*          1    00004400    00000100     UNINITIALIZED
                  00004400    00000100     F2837xS_GlobalVariableDefs.obj (EPwm5RegsFile)

EPwm6RegsFile 
*          1    00004500    00000100     UNINITIALIZED
                  00004500    00000100     F2837xS_GlobalVariableDefs.obj (EPwm6RegsFile)

EPwm7RegsFile 
*          1    00004600    00000100     UNINITIALIZED
                  00004600    00000100     F2837xS_GlobalVariableDefs.obj (EPwm7RegsFile)

EPwm8RegsFile 
*          1    00004700    00000100     UNINITIALIZED
                  00004700    00000100     F2837xS_GlobalVariableDefs.obj (EPwm8RegsFile)

EPwm9RegsFile 
*          1    00004800    00000100     UNINITIALIZED
                  00004800    00000100     F2837xS_GlobalVariableDefs.obj (EPwm9RegsFile)

EPwm10RegsFile 
*          1    00004900    00000100     UNINITIALIZED
                  00004900    00000100     F2837xS_GlobalVariableDefs.obj (EPwm10RegsFile)

EPwm11RegsFile 
*          1    00004a00    00000100     UNINITIALIZED
                  00004a00    00000100     F2837xS_GlobalVariableDefs.obj (EPwm11RegsFile)

EPwm12RegsFile 
*          1    00004b00    00000100     UNINITIALIZED
                  00004b00    00000100     F2837xS_GlobalVariableDefs.obj (EPwm12RegsFile)

ECap1RegsFile 
*          1    00005000    00000020     UNINITIALIZED
                  00005000    00000020     F2837xS_GlobalVariableDefs.obj (ECap1RegsFile)

ECap2RegsFile 
*          1    00005020    00000020     UNINITIALIZED
                  00005020    00000020     F2837xS_GlobalVariableDefs.obj (ECap2RegsFile)

ECap3RegsFile 
*          1    00005040    00000020     UNINITIALIZED
                  00005040    00000020     F2837xS_GlobalVariableDefs.obj (ECap3RegsFile)

ECap4RegsFile 
*          1    00005060    00000020     UNINITIALIZED
                  00005060    00000020     F2837xS_GlobalVariableDefs.obj (ECap4RegsFile)

ECap5RegsFile 
*          1    00005080    00000020     UNINITIALIZED
                  00005080    00000020     F2837xS_GlobalVariableDefs.obj (ECap5RegsFile)

ECap6RegsFile 
*          1    000050a0    00000020     UNINITIALIZED
                  000050a0    00000020     F2837xS_GlobalVariableDefs.obj (ECap6RegsFile)

EQep1RegsFile 
*          1    00005100    00000022     UNINITIALIZED
                  00005100    00000022     F2837xS_GlobalVariableDefs.obj (EQep1RegsFile)

EQep2RegsFile 
*          1    00005140    00000022     UNINITIALIZED
                  00005140    00000022     F2837xS_GlobalVariableDefs.obj (EQep2RegsFile)

EQep3RegsFile 
*          1    00005180    00000022     UNINITIALIZED
                  00005180    00000022     F2837xS_GlobalVariableDefs.obj (EQep3RegsFile)

DacaRegsFile 
*          1    00005c00    00000008     UNINITIALIZED
                  00005c00    00000008     F2837xS_GlobalVariableDefs.obj (DacaRegsFile)

DacbRegsFile 
*          1    00005c10    00000008     UNINITIALIZED
                  00005c10    00000008     F2837xS_GlobalVariableDefs.obj (DacbRegsFile)

DaccRegsFile 
*          1    00005c20    00000008     UNINITIALIZED
                  00005c20    00000008     F2837xS_GlobalVariableDefs.obj (DaccRegsFile)

Cmpss1RegsFile 
*          1    00005c80    00000020     UNINITIALIZED
                  00005c80    00000020     F2837xS_GlobalVariableDefs.obj (Cmpss1RegsFile)

Cmpss2RegsFile 
*          1    00005ca0    00000020     UNINITIALIZED
                  00005ca0    00000020     F2837xS_GlobalVariableDefs.obj (Cmpss2RegsFile)

Cmpss3RegsFile 
*          1    00005cc0    00000020     UNINITIALIZED
                  00005cc0    00000020     F2837xS_GlobalVariableDefs.obj (Cmpss3RegsFile)

Cmpss4RegsFile 
*          1    00005ce0    00000020     UNINITIALIZED
                  00005ce0    00000020     F2837xS_GlobalVariableDefs.obj (Cmpss4RegsFile)

Cmpss5RegsFile 
*          1    00005d00    00000020     UNINITIALIZED
                  00005d00    00000020     F2837xS_GlobalVariableDefs.obj (Cmpss5RegsFile)

Cmpss6RegsFile 
*          1    00005d20    00000020     UNINITIALIZED
                  00005d20    00000020     F2837xS_GlobalVariableDefs.obj (Cmpss6RegsFile)

Cmpss7RegsFile 
*          1    00005d40    00000020     UNINITIALIZED
                  00005d40    00000020     F2837xS_GlobalVariableDefs.obj (Cmpss7RegsFile)

Cmpss8RegsFile 
*          1    00005d60    00000020     UNINITIALIZED
                  00005d60    00000020     F2837xS_GlobalVariableDefs.obj (Cmpss8RegsFile)

AdcaRegsFile 
*          1    00007400    00000080     UNINITIALIZED
                  00007400    00000080     F2837xS_GlobalVariableDefs.obj (AdcaRegsFile)

AdcbRegsFile 
*          1    00007480    00000080     UNINITIALIZED
                  00007480    00000080     F2837xS_GlobalVariableDefs.obj (AdcbRegsFile)

AdccRegsFile 
*          1    00007500    00000080     UNINITIALIZED
                  00007500    00000080     F2837xS_GlobalVariableDefs.obj (AdccRegsFile)

AdcdRegsFile 
*          1    00007580    00000080     UNINITIALIZED
                  00007580    00000080     F2837xS_GlobalVariableDefs.obj (AdcdRegsFile)

AnalogSubsysRegsFile 
*          1    0005d180    00000048     UNINITIALIZED
                  0005d180    00000048     F2837xS_GlobalVariableDefs.obj (AnalogSubsysRegsFile)

Cla1SoftIntRegsFile 
*          1    00000ce0    00000004     DSECT
                  00000ce0    00000004     F2837xS_GlobalVariableDefs.obj (Cla1SoftIntRegsFile)

Sdfm1RegsFile 
*          1    00005e00    00000080     UNINITIALIZED
                  00005e00    00000080     F2837xS_GlobalVariableDefs.obj (Sdfm1RegsFile)

Sdfm2RegsFile 
*          1    00005e80    00000080     UNINITIALIZED
                  00005e80    00000080     F2837xS_GlobalVariableDefs.obj (Sdfm2RegsFile)

McbspaRegsFile 
*          1    00006000    00000024     UNINITIALIZED
                  00006000    00000024     F2837xS_GlobalVariableDefs.obj (McbspaRegsFile)

McbspbRegsFile 
*          1    00006040    00000024     UNINITIALIZED
                  00006040    00000024     F2837xS_GlobalVariableDefs.obj (McbspbRegsFile)

SpiaRegsFile 
*          1    00006100    00000010     UNINITIALIZED
                  00006100    00000010     F2837xS_GlobalVariableDefs.obj (SpiaRegsFile)

SpibRegsFile 
*          1    00006110    00000010     UNINITIALIZED
                  00006110    00000010     F2837xS_GlobalVariableDefs.obj (SpibRegsFile)

SpicRegsFile 
*          1    00006120    00000010     UNINITIALIZED
                  00006120    00000010     F2837xS_GlobalVariableDefs.obj (SpicRegsFile)

UppRegsFile 
*          1    00006200    00000048     UNINITIALIZED
                  00006200    00000048     F2837xS_GlobalVariableDefs.obj (UppRegsFile)

WdRegsFile 
*          1    00007000    0000002b     UNINITIALIZED
                  00007000    0000002b     F2837xS_GlobalVariableDefs.obj (WdRegsFile)

NmiIntruptRegsFile 
*          1    00007060    00000007     UNINITIALIZED
                  00007060    00000007     F2837xS_GlobalVariableDefs.obj (NmiIntruptRegsFile)

XintRegsFile 
*          1    00007070    0000000b     UNINITIALIZED
                  00007070    0000000b     F2837xS_GlobalVariableDefs.obj (XintRegsFile)

SciaRegsFile 
*          1    00007200    00000010     UNINITIALIZED
                  00007200    00000010     F2837xS_GlobalVariableDefs.obj (SciaRegsFile)

ScibRegsFile 
*          1    00007210    00000010     UNINITIALIZED
                  00007210    00000010     F2837xS_GlobalVariableDefs.obj (ScibRegsFile)

ScicRegsFile 
*          1    00007220    00000010     UNINITIALIZED
                  00007220    00000010     F2837xS_GlobalVariableDefs.obj (ScicRegsFile)

ScidRegsFile 
*          1    00007230    00000010     UNINITIALIZED
                  00007230    00000010     F2837xS_GlobalVariableDefs.obj (ScidRegsFile)

I2caRegsFile 
*          1    00007300    00000022     UNINITIALIZED
                  00007300    00000022     F2837xS_GlobalVariableDefs.obj (I2caRegsFile)

I2cbRegsFile 
*          1    00007340    00000022     UNINITIALIZED
                  00007340    00000022     F2837xS_GlobalVariableDefs.obj (I2cbRegsFile)

InputXbarRegsFile 
*          1    00007900    00000020     UNINITIALIZED
                  00007900    00000020     F2837xS_GlobalVariableDefs.obj (InputXbarRegsFile)

XbarRegsFile 
*          1    00007920    00000020     UNINITIALIZED
                  00007920    00000020     F2837xS_GlobalVariableDefs.obj (XbarRegsFile)

SyncSocRegsFile 
*          1    00007940    00000006     UNINITIALIZED
                  00007940    00000006     F2837xS_GlobalVariableDefs.obj (SyncSocRegsFile)

DmaClaSrcSelRegsFile 
*          1    00007980    0000001a     UNINITIALIZED
                  00007980    0000001a     F2837xS_GlobalVariableDefs.obj (DmaClaSrcSelRegsFile)

EPwmXbarRegsFile 
*          1    00007a00    00000040     UNINITIALIZED
                  00007a00    00000040     F2837xS_GlobalVariableDefs.obj (EPwmXbarRegsFile)

OutputXbarRegsFile 
*          1    00007a80    00000040     UNINITIALIZED
                  00007a80    00000040     F2837xS_GlobalVariableDefs.obj (OutputXbarRegsFile)

GpioCtrlRegsFile 
*          1    00007c00    00000180     UNINITIALIZED
                  00007c00    00000180     F2837xS_GlobalVariableDefs.obj (GpioCtrlRegsFile)

GpioDataRegsFile 
*          1    00007f00    00000030     UNINITIALIZED
                  00007f00    00000030     F2837xS_GlobalVariableDefs.obj (GpioDataRegsFile)

.ebss      1    0000a800    0000014a     UNINITIALIZED
                  0000a800    00000140     ClimbRobot_28377.obj (.ebss)
                  0000a940    00000006     rts2800_ml.lib : exit.obj (.ebss)
                  0000a946    00000002                    : _lock.obj (.ebss:__lock)
                  0000a948    00000002                    : _lock.obj (.ebss:__unlock)

Emif1RegsFile 
*          1    00047000    00000070     UNINITIALIZED
                  00047000    00000070     F2837xS_GlobalVariableDefs.obj (Emif1RegsFile)

Emif2RegsFile 
*          1    00047800    00000070     UNINITIALIZED
                  00047800    00000070     F2837xS_GlobalVariableDefs.obj (Emif2RegsFile)

FlashPumpSemaphoreRegsFile 
*          1    00050024    00000002     UNINITIALIZED
                  00050024    00000002     F2837xS_GlobalVariableDefs.obj (FlashPumpSemaphoreRegsFile)

DevCfgRegsFile 
*          1    0005d000    0000012e     UNINITIALIZED
                  0005d000    0000012e     F2837xS_GlobalVariableDefs.obj (DevCfgRegsFile)

ClkCfgRegsFile 
*          1    0005d200    00000032     UNINITIALIZED
                  0005d200    00000032     F2837xS_GlobalVariableDefs.obj (ClkCfgRegsFile)

CpuSysRegsFile 
*          1    0005d300    00000082     UNINITIALIZED
                  0005d300    00000082     F2837xS_GlobalVariableDefs.obj (CpuSysRegsFile)

RomPrefetchRegsFile 
*          1    0005e608    00000002     UNINITIALIZED
                  0005e608    00000002     F2837xS_GlobalVariableDefs.obj (RomPrefetchRegsFile)

DcsmZ1RegsFile 
*          1    0005f000    00000024     UNINITIALIZED
                  0005f000    00000024     F2837xS_GlobalVariableDefs.obj (DcsmZ1RegsFile)

DcsmZ2RegsFile 
*          1    0005f040    00000024     UNINITIALIZED
                  0005f040    00000024     F2837xS_GlobalVariableDefs.obj (DcsmZ2RegsFile)

DcsmCommonRegsFile 
*          1    0005f070    00000008     UNINITIALIZED
                  0005f070    00000008     F2837xS_GlobalVariableDefs.obj (DcsmCommonRegsFile)

MemCfgRegsFile 
*          1    0005f400    00000080     UNINITIALIZED
                  0005f400    00000080     F2837xS_GlobalVariableDefs.obj (MemCfgRegsFile)

Emif1ConfigRegsFile 
*          1    0005f480    00000020     UNINITIALIZED
                  0005f480    00000020     F2837xS_GlobalVariableDefs.obj (Emif1ConfigRegsFile)

Emif2ConfigRegsFile 
*          1    0005f4a0    00000020     UNINITIALIZED
                  0005f4a0    00000020     F2837xS_GlobalVariableDefs.obj (Emif2ConfigRegsFile)

AccessProtectionRegsFile 
*          1    0005f4c0    00000040     UNINITIALIZED
                  0005f4c0    00000040     F2837xS_GlobalVariableDefs.obj (AccessProtectionRegsFile)

MemoryErrorRegsFile 
*          1    0005f500    00000040     UNINITIALIZED
                  0005f500    00000040     F2837xS_GlobalVariableDefs.obj (MemoryErrorRegsFile)

RomWaitStateRegsFile 
*          1    0005f540    00000002     UNINITIALIZED
                  0005f540    00000002     F2837xS_GlobalVariableDefs.obj (RomWaitStateRegsFile)

Flash0CtrlRegsFile 
*          1    0005f800    00000182     UNINITIALIZED
                  0005f800    00000182     F2837xS_GlobalVariableDefs.obj (Flash0CtrlRegsFile)

Flash0EccRegsFile 
*          1    0005fb00    00000028     UNINITIALIZED
                  0005fb00    00000028     F2837xS_GlobalVariableDefs.obj (Flash0EccRegsFile)

Flash1CtrlRegsFile 
*          1    0005fc00    00000182     UNINITIALIZED
                  0005fc00    00000182     F2837xS_GlobalVariableDefs.obj (Flash1CtrlRegsFile)

Flash1EccRegsFile 
*          1    0005ff00    00000028     UNINITIALIZED
                  0005ff00    00000028     F2837xS_GlobalVariableDefs.obj (Flash1EccRegsFile)

DcsmZ1OtpFile 
*          1    00078000    00000020     NOLOAD SECTION
                  00078000    00000020     F2837xS_GlobalVariableDefs.obj (DcsmZ1OtpFile)

DcsmZ2OtpFile 
*          1    00078200    00000020     NOLOAD SECTION
                  00078200    00000020     F2837xS_GlobalVariableDefs.obj (DcsmZ2OtpFile)

MODULE SUMMARY

       Module                           code   ro data   rw data
       ------                           ----   -------   -------
    .\
       F2837xS_GlobalVariableDefs.obj   0      0         8437   
       ClimbRobot_28377.obj             1376   0         507    
       F2837xS_SysCtrl.obj              1057   0         0      
       F2837xS_DefaultISR.obj           705    0         0      
       F2837xS_Gpio.obj                 580    0         0      
       F2837xS_PieVect.obj              38     0         448    
       F2837xS_EPwm.obj                 253    0         0      
       F2837xS_Adc.obj                  221    0         0      
       F2837xS_PieCtrl.obj              40     0         0      
       F2837xS_usDelay.obj              8      0         0      
       F2837xS_CodeStartBranch.obj      2      0         0      
    +--+--------------------------------+------+---------+---------+
       Total:                           4280   0         9392   
                                                                
    C:\ti\ccsv6\tools\compiler\c2000_15.12.3.LTS\lib\rts2800_ml.lib
       fs_div.obj                       131    0         0      
       fs_add.obj                       120    0         0      
       fs_mpy.obj                       90     0         0      
       boot.obj                         84     0         0      
       cpy_tbl.obj                      70     0         0      
       exit.obj                         41     0         20     
       fs_tou.obj                       29     0         0      
       memcpy.obj                       29     0         0      
       cpy_utils.obj                    26     0         0      
       i_tofs.obj                       26     0         0      
       args_main.obj                    25     0         0      
       _lock.obj                        9      0         14     
       u_div.obj                        11     0         0      
       pre_init.obj                     2      0         0      
       startup.obj                      1      0         0      
    +--+--------------------------------+------+---------+---------+
       Total:                           694    0         34     
                                                                
       Stack:                           0      0         1024   
    +--+--------------------------------+------+---------+---------+
       Grand Total:                     4974   0         10450  


GLOBAL DATA SYMBOLS: SORTED BY DATA PAGE

address     data page           name
--------    ----------------    ----
00000400      10 (00000400)     __stack

00000b00      2c (00000b00)     _AdcaResultRegs
00000b20      2c (00000b00)     _AdcbResultRegs

00000b40      2d (00000b40)     _AdccResultRegs
00000b60      2d (00000b40)     _AdcdResultRegs

00000c00      30 (00000c00)     _CpuTimer0Regs
00000c08      30 (00000c00)     _CpuTimer1Regs
00000c10      30 (00000c00)     _CpuTimer2Regs

00000ce0      33 (00000cc0)     _Cla1SoftIntRegs
00000ce0      33 (00000cc0)     _PieCtrlRegs

00000d00      34 (00000d00)     _EmuKey
00000d00      34 (00000d00)     _PieVectTable
00000d01      34 (00000d00)     _EmuBMode

00001000      40 (00001000)     _DmaRegs

00001400      50 (00001400)     _Cla1Regs

00004000     100 (00004000)     _EPwm1Regs

00004100     104 (00004100)     _EPwm2Regs

00004200     108 (00004200)     _EPwm3Regs

00004300     10c (00004300)     _EPwm4Regs

00004400     110 (00004400)     _EPwm5Regs

00004500     114 (00004500)     _EPwm6Regs

00004600     118 (00004600)     _EPwm7Regs

00004700     11c (00004700)     _EPwm8Regs

00004800     120 (00004800)     _EPwm9Regs

00004900     124 (00004900)     _EPwm10Regs

00004a00     128 (00004a00)     _EPwm11Regs

00004b00     12c (00004b00)     _EPwm12Regs

00005000     140 (00005000)     _ECap1Regs
00005020     140 (00005000)     _ECap2Regs

00005040     141 (00005040)     _ECap3Regs
00005060     141 (00005040)     _ECap4Regs

00005080     142 (00005080)     _ECap5Regs
000050a0     142 (00005080)     _ECap6Regs

00005100     144 (00005100)     _EQep1Regs

00005140     145 (00005140)     _EQep2Regs

00005180     146 (00005180)     _EQep3Regs

00005c00     170 (00005c00)     _DacaRegs
00005c10     170 (00005c00)     _DacbRegs
00005c20     170 (00005c00)     _DaccRegs

00005c80     172 (00005c80)     _Cmpss1Regs
00005ca0     172 (00005c80)     _Cmpss2Regs

00005cc0     173 (00005cc0)     _Cmpss3Regs
00005ce0     173 (00005cc0)     _Cmpss4Regs

00005d00     174 (00005d00)     _Cmpss5Regs
00005d20     174 (00005d00)     _Cmpss6Regs

00005d40     175 (00005d40)     _Cmpss7Regs
00005d60     175 (00005d40)     _Cmpss8Regs

00005e00     178 (00005e00)     _Sdfm1Regs

00005e80     17a (00005e80)     _Sdfm2Regs

00006000     180 (00006000)     _McbspaRegs

00006040     181 (00006040)     _McbspbRegs

00006100     184 (00006100)     _SpiaRegs
00006110     184 (00006100)     _SpibRegs
00006120     184 (00006100)     _SpicRegs

00006200     188 (00006200)     _UppRegs

00007000     1c0 (00007000)     _WdRegs

00007060     1c1 (00007040)     _NmiIntruptRegs
00007070     1c1 (00007040)     _XintRegs

00007200     1c8 (00007200)     _SciaRegs
00007210     1c8 (00007200)     _ScibRegs
00007220     1c8 (00007200)     _ScicRegs
00007230     1c8 (00007200)     _ScidRegs

00007300     1cc (00007300)     _I2caRegs

00007340     1cd (00007340)     _I2cbRegs

00007400     1d0 (00007400)     _AdcaRegs

00007480     1d2 (00007480)     _AdcbRegs

00007500     1d4 (00007500)     _AdccRegs

00007580     1d6 (00007580)     _AdcdRegs

00007900     1e4 (00007900)     _InputXbarRegs
00007920     1e4 (00007900)     _XbarRegs

00007940     1e5 (00007940)     _SyncSocRegs

00007980     1e6 (00007980)     _DmaClaSrcSelRegs

00007a00     1e8 (00007a00)     _EPwmXbarRegs

00007a80     1ea (00007a80)     _OutputXbarRegs

00007c00     1f0 (00007c00)     _GpioCtrlRegs

00007f00     1fc (00007f00)     _GpioDataRegs

0000a800     2a0 (0000a800)     _operator
0000a801     2a0 (0000a800)     _pre_state
0000a802     2a0 (0000a800)     _state
0000a803     2a0 (0000a800)     _resultsIndex
0000a804     2a0 (0000a800)     _EPwm1TimerIntCount
0000a805     2a0 (0000a800)     _bufferFull
0000a806     2a0 (0000a800)     _sendstate
0000a807     2a0 (0000a800)     _emmergency
0000a808     2a0 (0000a800)     _pre_operator
0000a80a     2a0 (0000a800)     _P
0000a80c     2a0 (0000a800)     _EPwm_CMP
0000a80e     2a0 (0000a800)     _Pc
0000a810     2a0 (0000a800)     _G
0000a812     2a0 (0000a800)     _varVolt
0000a814     2a0 (0000a800)     _Zp
0000a816     2a0 (0000a800)     _Xe
0000a818     2a0 (0000a800)     _varProcess
0000a81a     2a0 (0000a800)     _Xp
0000a81c     2a0 (0000a800)     _epwm9_info
0000a824     2a0 (0000a800)     _epwm8_info
0000a82c     2a0 (0000a800)     _epwm7_info
0000a834     2a0 (0000a800)     _msg_rec

0000a840     2a1 (0000a840)     _AdcaResults

0000a940     2a5 (0000a940)     ___TI_enable_exit_profile_output
0000a942     2a5 (0000a940)     ___TI_cleanup_ptr
0000a944     2a5 (0000a940)     ___TI_dtors_ptr
0000a946     2a5 (0000a940)     __lock
0000a948     2a5 (0000a940)     __unlock

00047000    11c0 (00047000)     _Emif1Regs

00047800    11e0 (00047800)     _Emif2Regs

00050024    1400 (00050000)     _FlashPumpSemaphoreRegs

0005d000    1740 (0005d000)     _DevCfgRegs

0005d180    1746 (0005d180)     _AnalogSubsysRegs

0005d200    1748 (0005d200)     _ClkCfgRegs

0005d300    174c (0005d300)     _CpuSysRegs

0005e608    1798 (0005e600)     _RomPrefetchRegs

0005f000    17c0 (0005f000)     _DcsmZ1Regs

0005f040    17c1 (0005f040)     _DcsmZ2Regs
0005f070    17c1 (0005f040)     _DcsmCommonRegs

0005f400    17d0 (0005f400)     _MemCfgRegs

0005f480    17d2 (0005f480)     _Emif1ConfigRegs
0005f4a0    17d2 (0005f480)     _Emif2ConfigRegs

0005f4c0    17d3 (0005f4c0)     _AccessProtectionRegs

0005f500    17d4 (0005f500)     _MemoryErrorRegs

0005f540    17d5 (0005f540)     _RomWaitStateRegs

0005f800    17e0 (0005f800)     _Flash0CtrlRegs

0005fb00    17ec (0005fb00)     _Flash0EccRegs

0005fc00    17f0 (0005fc00)     _Flash1CtrlRegs

0005ff00    17fc (0005ff00)     _Flash1EccRegs

00078000    1e00 (00078000)     _DcsmZ1Otp

00078200    1e08 (00078200)     _DcsmZ2Otp

00090000    2400 (00090000)     _PieVectTableInit


GLOBAL SYMBOLS: SORTED ALPHABETICALLY BY Name 

page  address   name                                  
----  -------   ----                                  
abs   ffffffff  .text                                 
0     000831d7  C$$EXIT                               
0     00083013  FS$$ADD                               
0     00082f8b  FS$$DIV                               
0     000830e3  FS$$MPY                               
0     0008300e  FS$$SUB                               
0     0008324e  FS$$TOU                               
0     000832a2  I$$TOFS                               
0     000832d5  U$$DIV                                
0     000832da  U$$MOD                                
0     0008290b  _ADCA1_ISR                            
0     00082a4b  _ADCA2_ISR                            
0     00082a50  _ADCA3_ISR                            
0     00082a55  _ADCA4_ISR                            
0     00082a46  _ADCA_EVT_ISR                         
0     00082910  _ADCB1_ISR                            
0     00082a5f  _ADCB2_ISR                            
0     00082a64  _ADCB3_ISR                            
0     00082a69  _ADCB4_ISR                            
0     00082a5a  _ADCB_EVT_ISR                         
0     00082915  _ADCC1_ISR                            
0     00082b13  _ADCC2_ISR                            
0     00082b18  _ADCC3_ISR                            
0     00082b1d  _ADCC4_ISR                            
0     00082b0e  _ADCC_EVT_ISR                         
0     00082924  _ADCD1_ISR                            
0     00082b27  _ADCD2_ISR                            
0     00082b2c  _ADCD3_ISR                            
0     00082b31  _ADCD4_ISR                            
0     00082b22  _ADCD_EVT_ISR                         
0     00082b4f  _AUX_PLL_SLIP_ISR                     
1     0005f4c0  _AccessProtectionRegs                 
0     00082eae  _AdcSetMode                           
1     00007400  _AdcaRegs                             
1     00000b00  _AdcaResultRegs                       
1     0000a840  _AdcaResults                          
1     00007480  _AdcbRegs                             
1     00000b20  _AdcbResultRegs                       
1     00007500  _AdccRegs                             
1     00000b40  _AdccResultRegs                       
1     00007580  _AdcdRegs                             
1     00000b60  _AdcdResultRegs                       
1     0005d180  _AnalogSubsysRegs                     
0     00082869  _AuxAuxClkSel                         
0     00082853  _AuxIntOsc2Sel                        
0     0008285d  _AuxXtalOscSel                        
0     00082a32  _CANA0_ISR                            
0     00082a37  _CANA1_ISR                            
0     00082a3c  _CANB0_ISR                            
0     00082a41  _CANB1_ISR                            
0     00082a6e  _CLA1_1_ISR                           
0     00082a73  _CLA1_2_ISR                           
0     00082a78  _CLA1_3_ISR                           
0     00082a7d  _CLA1_4_ISR                           
0     00082a82  _CLA1_5_ISR                           
0     00082a87  _CLA1_6_ISR                           
0     00082a8c  _CLA1_7_ISR                           
0     00082a91  _CLA1_8_ISR                           
0     00082b54  _CLA_OVERFLOW_ISR                     
0     00082b59  _CLA_UNDERFLOW_ISR                    
0     00082f51  _CalAdcINL                            
1     00001400  _Cla1Regs                             
0     00000ce0  _Cla1SoftIntRegs                      
1     0005d200  _ClkCfgRegs                           
1     00005c80  _Cmpss1Regs                           
1     00005ca0  _Cmpss2Regs                           
1     00005cc0  _Cmpss3Regs                           
1     00005ce0  _Cmpss4Regs                           
1     00005d00  _Cmpss5Regs                           
1     00005d20  _Cmpss6Regs                           
1     00005d40  _Cmpss7Regs                           
1     00005d60  _Cmpss8Regs                           
0     000824c3  _ConfigureADC                         
0     000824de  _ConfigureEPWM                        
1     0005d300  _CpuSysRegs                           
1     00000c00  _CpuTimer0Regs                        
1     00000c08  _CpuTimer1Regs                        
1     00000c10  _CpuTimer2Regs                        
0     00082812  _CsmUnlock                            
0     000828b6  _DATALOG_ISR                          
0     000829d8  _DMA_CH1_ISR                          
0     000829dd  _DMA_CH2_ISR                          
0     000829e2  _DMA_CH3_ISR                          
0     000829e7  _DMA_CH4_ISR                          
0     000829ec  _DMA_CH5_ISR                          
0     000829f1  _DMA_CH6_ISR                          
1     00005c00  _DacaRegs                             
1     00005c10  _DacbRegs                             
1     00005c20  _DaccRegs                             
1     0005f070  _DcsmCommonRegs                       
1     00078000  _DcsmZ1Otp                            
1     0005f000  _DcsmZ1Regs                           
1     00078200  _DcsmZ2Otp                            
1     0005f040  _DcsmZ2Regs                           
1     0005d000  _DevCfgRegs                           
0     00082676  _DisableDog                           
0     00082628  _DisablePeripheralClocks              
1     00007980  _DmaClaSrcSelRegs                     
1     00001000  _DmaRegs                              
0     00082983  _ECAP1_ISR                            
0     00082988  _ECAP2_ISR                            
0     0008298d  _ECAP3_ISR                            
0     00082992  _ECAP4_ISR                            
0     00082997  _ECAP5_ISR                            
0     0008299c  _ECAP6_ISR                            
1     00005000  _ECap1Regs                            
1     00005020  _ECap2Regs                            
1     00005040  _ECap3Regs                            
1     00005060  _ECap4Regs                            
1     00005080  _ECap5Regs                            
1     000050a0  _ECap6Regs                            
0     00082b36  _EMIF_ERROR_ISR                       
0     00082b63  _EMPTY_ISR                            
0     000828c0  _EMU_ISR                              
0     00082ae1  _EPWM10_ISR                           
0     00082acd  _EPWM10_TZ_ISR                        
0     00082ae6  _EPWM11_ISR                           
0     00082ad2  _EPWM11_TZ_ISR                        
0     00082aeb  _EPWM12_ISR                           
0     00082ad7  _EPWM12_TZ_ISR                        
0     0008295b  _EPWM1_ISR                            
0     00082933  _EPWM1_TZ_ISR                         
0     00082960  _EPWM2_ISR                            
0     00082938  _EPWM2_TZ_ISR                         
0     00082965  _EPWM3_ISR                            
0     0008293d  _EPWM3_TZ_ISR                         
0     0008296a  _EPWM4_ISR                            
0     00082942  _EPWM4_TZ_ISR                         
0     0008296f  _EPWM5_ISR                            
0     00082947  _EPWM5_TZ_ISR                         
0     00082974  _EPWM6_ISR                            
0     0008294c  _EPWM6_TZ_ISR                         
0     00082979  _EPWM7_ISR                            
0     00082951  _EPWM7_TZ_ISR                         
0     0008297e  _EPWM8_ISR                            
0     00082956  _EPWM8_TZ_ISR                         
0     00082adc  _EPWM9_ISR                            
0     00082ac8  _EPWM9_TZ_ISR                         
1     00004900  _EPwm10Regs                           
1     00004a00  _EPwm11Regs                           
1     00004b00  _EPwm12Regs                           
1     00004000  _EPwm1Regs                            
1     0000a804  _EPwm1TimerIntCount                   
1     00004100  _EPwm2Regs                            
1     00004200  _EPwm3Regs                            
1     00004300  _EPwm4Regs                            
1     00004400  _EPwm5Regs                            
1     00004500  _EPwm6Regs                            
1     00004600  _EPwm7Regs                            
1     00004700  _EPwm8Regs                            
1     00004800  _EPwm9Regs                            
1     00007a00  _EPwmXbarRegs                         
1     0000a80c  _EPwm_CMP                             
0     000829a1  _EQEP1_ISR                            
0     000829a6  _EQEP2_ISR                            
0     000829ab  _EQEP3_ISR                            
1     00005100  _EQep1Regs                            
1     00005140  _EQep2Regs                            
1     00005180  _EQep3Regs                            
1     0005f480  _Emif1ConfigRegs                      
1     00047000  _Emif1Regs                            
1     0005f4a0  _Emif2ConfigRegs                      
1     00047800  _Emif2Regs                            
1     00000d01  _EmuBMode                             
1     00000d00  _EmuKey                               
0     0008321f  _EnableInterrupts                     
0     0000806e  _F28x_usDelay                         
0     00082b40  _FLASH_CORRECTABLE_ERROR_ISR          
0     00082aaa  _FPU_OVERFLOW_ISR                     
0     00082aaf  _FPU_UNDERFLOW_ISR                    
1     0005f800  _Flash0CtrlRegs                       
1     0005fb00  _Flash0EccRegs                        
1     0005fc00  _Flash1CtrlRegs                       
1     0005ff00  _Flash1EccRegs                        
0     00008052  _FlashOff_Bank0                       
0     00008060  _FlashOff_Bank1                       
1     00050024  _FlashPumpSemaphoreRegs               
1     0000a810  _G                                    
0     00082d66  _GPIO_EnableUnbondedIOPullups         
0     00082d41  _GPIO_EnableUnbondedIOPullupsFor100Pin
0     00082d28  _GPIO_EnableUnbondedIOPullupsFor176Pin
0     00082d7c  _GPIO_ReadPin                         
0     00082ccd  _GPIO_SetupLock                       
0     00082bad  _GPIO_SetupPinMux                     
0     00082c39  _GPIO_SetupPinOptions                 
0     00082cf6  _GPIO_SetupXINT1Gpio                  
0     00082d00  _GPIO_SetupXINT2Gpio                  
0     00082d0a  _GPIO_SetupXINT3Gpio                  
0     00082d14  _GPIO_SetupXINT4Gpio                  
0     00082d1e  _GPIO_SetupXINT5Gpio                  
0     00082d93  _GPIO_WritePin                        
1     00007c00  _GpioCtrlRegs                         
1     00007f00  _GpioDataRegs                         
0     00082887  _HALT                                 
0     00082898  _HIB                                  
0     000829fb  _I2CA_FIFO_ISR                        
0     000829f6  _I2CA_ISR                             
0     00082a05  _I2CB_FIFO_ISR                        
0     00082a00  _I2CB_ISR                             
1     00007300  _I2caRegs                             
1     00007340  _I2cbRegs                             
0     00082873  _IDLE                                 
0     000828ca  _ILLEGAL_ISR                          
0     00082ab4  _IPC0_ISR                             
0     00082ab9  _IPC1_ISR                             
0     00082abe  _IPC2_ISR                             
0     00082ac3  _IPC3_ISR                             
0     0008274a  _InitAuxPll                           
0     00082e74  _InitEPwm10Gpio                       
0     00082e87  _InitEPwm11Gpio                       
0     00082e9b  _InitEPwm12Gpio                       
0     00082dca  _InitEPwm1Gpio                        
0     00082ddc  _InitEPwm2Gpio                        
0     00082dee  _InitEPwm3Gpio                        
0     00082e02  _InitEPwm4Gpio                        
0     00082e16  _InitEPwm5Gpio                        
0     00082e28  _InitEPwm6Gpio                        
0     0008226b  _InitEPwm7Example                     
0     00082e3a  _InitEPwm7Gpio                        
0     000822c0  _InitEPwm8Example                     
0     00082e4e  _InitEPwm8Gpio                        
0     0008230b  _InitEPwm9Example                     
0     00082e62  _InitEPwm9Gpio                        
0     00082db1  _InitEPwmGpio                         
0     00008000  _InitFlash_Bank0                      
0     00008029  _InitFlash_Bank1                      
0     00082b6d  _InitGpio                             
0     000825a4  _InitPeripheralClocks                 
0     00083200  _InitPieCtrl                          
0     00083228  _InitPieVectTable                     
0     00082567  _InitSysCtrl                          
0     00082684  _InitSysPll                           
1     00007900  _InputXbarRegs                        
0     000829c4  _MCBSPA_RX_ISR                        
0     000829c9  _MCBSPA_TX_ISR                        
0     000829ce  _MCBSPB_RX_ISR                        
0     000829d3  _MCBSPB_TX_ISR                        
1     00006000  _McbspaRegs                           
1     00006040  _McbspbRegs                           
1     0005f400  _MemCfgRegs                           
1     0005f500  _MemoryErrorRegs                      
0     000828c5  _NMI_ISR                              
0     00082b68  _NOTUSED_ISR                          
1     00007060  _NmiIntruptRegs                       
1     00007a80  _OutputXbarRegs                       
1     0000a80a  _P                                    
0     00082b5e  _PIE_RESERVED_ISR                     
1     0000a80e  _Pc                                   
1     00000ce0  _PieCtrlRegs                          
1     00000d00  _PieVectTable                         
0     00090000  _PieVectTableInit                     
0     00082b45  _RAM_ACCESS_VIOLATION_ISR             
0     00082b3b  _RAM_CORRECTABLE_ERROR_ISR            
0     000828bb  _RTOS_ISR                             
0     00086072  _RamfuncsLoadEnd                      
abs   00000072  _RamfuncsLoadSize                     
0     00086000  _RamfuncsLoadStart                    
0     00008072  _RamfuncsRunEnd                       
abs   00000072  _RamfuncsRunSize                      
0     00008000  _RamfuncsRunStart                     
0     0008265e  _ReleaseFlashPump                     
1     0005e608  _RomPrefetchRegs                      
1     0005f540  _RomWaitStateRegs                     
0     00082a1e  _SCIA_RX_ISR                          
0     00082a23  _SCIA_TX_ISR                          
0     00082a28  _SCIB_RX_ISR                          
0     00082a2d  _SCIB_TX_ISR                          
0     00082a0a  _SCIC_RX_ISR                          
0     00082a0f  _SCIC_TX_ISR                          
0     00082a14  _SCID_RX_ISR                          
0     00082a19  _SCID_TX_ISR                          
0     00082af0  _SD1_ISR                              
0     00082af5  _SD2_ISR                              
0     000829b0  _SPIA_RX_ISR                          
0     000829b5  _SPIA_TX_ISR                          
0     000829ba  _SPIB_RX_ISR                          
0     000829bf  _SPIB_TX_ISR                          
0     00082afa  _SPIC_RX_ISR                          
0     00082aff  _SPIC_TX_ISR                          
0     0008287c  _STANDBY                              
0     00082b4a  _SYS_PLL_SLIP_ISR                     
1     00007200  _SciaRegs                             
1     00007210  _ScibRegs                             
1     00007220  _ScicRegs                             
1     00007230  _ScidRegs                             
1     00005e00  _Sdfm1Regs                            
1     00005e80  _Sdfm2Regs                            
0     00082640  _SeizeFlashPump_Bank0                 
0     0008264f  _SeizeFlashPump_Bank1                 
0     00082668  _ServiceDog                           
0     000824fa  _SetupADCEpwm                         
1     00006100  _SpiaRegs                             
1     00006110  _SpibRegs                             
1     00006120  _SpicRegs                             
1     00007940  _SyncSocRegs                          
0     00082833  _SysIntOsc1Sel                        
0     0008283d  _SysIntOsc2Sel                        
0     00082847  _SysXtalOscSel                        
0     00082929  _TIMER0_ISR                           
0     000828ac  _TIMER1_ISR                           
0     000828b1  _TIMER2_ISR                           
0     00082b04  _UPPA_ISR                             
0     00082b09  _USBA_ISR                             
0     000828fc  _USER10_ISR                           
0     00082901  _USER11_ISR                           
0     00082906  _USER12_ISR                           
0     000828cf  _USER1_ISR                            
0     000828d4  _USER2_ISR                            
0     000828d9  _USER3_ISR                            
0     000828de  _USER4_ISR                            
0     000828e3  _USER5_ISR                            
0     000828e8  _USER6_ISR                            
0     000828ed  _USER7_ISR                            
0     000828f2  _USER8_ISR                            
0     000828f7  _USER9_ISR                            
1     00006200  _UppRegs                              
0     00082aa5  _VCU_ISR                              
0     0008292e  _WAKE_ISR                             
1     00007000  _WdRegs                               
0     0008291a  _XINT1_ISR                            
0     0008291f  _XINT2_ISR                            
0     00082a96  _XINT3_ISR                            
0     00082a9b  _XINT4_ISR                            
0     00082aa0  _XINT5_ISR                            
1     00007920  _XbarRegs                             
1     0000a816  _Xe                                   
1     00007070  _XintRegs                             
1     0000a81a  _Xp                                   
1     0000a814  _Zp                                   
1     00000800  __STACK_END                           
abs   00000400  __STACK_SIZE                          
1     0000a942  ___TI_cleanup_ptr                     
1     0000a944  ___TI_dtors_ptr                       
1     0000a940  ___TI_enable_exit_profile_output      
abs   ffffffff  ___TI_pprof_out_hndl                  
abs   ffffffff  ___TI_prof_data_size                  
abs   ffffffff  ___TI_prof_data_start                 
abs   ffffffff  ___binit__                            
abs   ffffffff  ___c_args__                           
0     00082000  ___cinit__                            
abs   ffffffff  ___etext__                            
abs   ffffffff  ___pinit__                            
abs   ffffffff  ___text__                             
0     000832bc  __args_main                           
1     0000a946  __lock                                
0     000832e8  __nop                                 
0     000832e4  __register_lock                       
0     000832e0  __register_unlock                     
1     00000400  __stack                               
0     000832eb  __system_post_cinit                   
0     000832e9  __system_pre_init                     
1     0000a948  __unlock                              
0     000831d7  _abort                                
0     000830c0  _adca1_isr                            
1     0000a805  _bufferFull                           
0     0008313d  _c_int00                              
0     00083191  _copy_in                              
0     00083288  _ddcopy                               
0     00083288  _dpcopy                               
1     0000a807  _emmergency                           
1     0000a82c  _epwm7_info                           
0     00083086  _epwm7_isr                            
1     0000a824  _epwm8_info                           
1     0000a81c  _epwm9_info                           
0     000831d9  _exit                                 
0     00082527  _filteredData                         
0     00082064  _main                                 
0     0008326b  _memcpy                               
1     0000a834  _msg_rec                              
1     0000a800  _operator                             
0     00083288  _pdcopy                               
0     00083288  _ppcopy                               
1     0000a808  _pre_operator                         
1     0000a801  _pre_state                            
1     0000a803  _resultsIndex                         
0     000821bf  _scia_echoback_init                   
0     00082253  _scia_fifo_init                       
0     00082202  _scia_msg                             
0     000821f6  _scia_xmit                            
0     000821d2  _scib_echoback_init                   
0     0008225b  _scib_fifo_init                       
0     00082215  _scib_msg                             
0     00082228  _scib_xmit                            
0     000821e4  _scic_echoback_init                   
0     00082263  _scic_fifo_init                       
0     00082234  _scic_msg                             
0     00082247  _scic_xmit                            
1     0000a806  _sendstate                            
1     0000a802  _state                                
0     0008236e  _state_machine_processing             
0     00082356  _update_compare                       
1     0000a818  _varProcess                           
1     0000a812  _varVolt                              
0     000830a4  _xint1_isr                            
abs   ffffffff  binit                                 
0     00082000  cinit                                 
0     00080000  code_start                            
abs   ffffffff  etext                                 
abs   ffffffff  pinit                                 


GLOBAL SYMBOLS: SORTED BY Symbol Address 

page  address   name                                  
----  -------   ----                                  
0     00000ce0  _Cla1SoftIntRegs                      
0     00008000  _InitFlash_Bank0                      
0     00008000  _RamfuncsRunStart                     
0     00008029  _InitFlash_Bank1                      
0     00008052  _FlashOff_Bank0                       
0     00008060  _FlashOff_Bank1                       
0     0000806e  _F28x_usDelay                         
0     00008072  _RamfuncsRunEnd                       
0     00080000  code_start                            
0     00082000  ___cinit__                            
0     00082000  cinit                                 
0     00082064  _main                                 
0     000821bf  _scia_echoback_init                   
0     000821d2  _scib_echoback_init                   
0     000821e4  _scic_echoback_init                   
0     000821f6  _scia_xmit                            
0     00082202  _scia_msg                             
0     00082215  _scib_msg                             
0     00082228  _scib_xmit                            
0     00082234  _scic_msg                             
0     00082247  _scic_xmit                            
0     00082253  _scia_fifo_init                       
0     0008225b  _scib_fifo_init                       
0     00082263  _scic_fifo_init                       
0     0008226b  _InitEPwm7Example                     
0     000822c0  _InitEPwm8Example                     
0     0008230b  _InitEPwm9Example                     
0     00082356  _update_compare                       
0     0008236e  _state_machine_processing             
0     000824c3  _ConfigureADC                         
0     000824de  _ConfigureEPWM                        
0     000824fa  _SetupADCEpwm                         
0     00082527  _filteredData                         
0     00082567  _InitSysCtrl                          
0     000825a4  _InitPeripheralClocks                 
0     00082628  _DisablePeripheralClocks              
0     00082640  _SeizeFlashPump_Bank0                 
0     0008264f  _SeizeFlashPump_Bank1                 
0     0008265e  _ReleaseFlashPump                     
0     00082668  _ServiceDog                           
0     00082676  _DisableDog                           
0     00082684  _InitSysPll                           
0     0008274a  _InitAuxPll                           
0     00082812  _CsmUnlock                            
0     00082833  _SysIntOsc1Sel                        
0     0008283d  _SysIntOsc2Sel                        
0     00082847  _SysXtalOscSel                        
0     00082853  _AuxIntOsc2Sel                        
0     0008285d  _AuxXtalOscSel                        
0     00082869  _AuxAuxClkSel                         
0     00082873  _IDLE                                 
0     0008287c  _STANDBY                              
0     00082887  _HALT                                 
0     00082898  _HIB                                  
0     000828ac  _TIMER1_ISR                           
0     000828b1  _TIMER2_ISR                           
0     000828b6  _DATALOG_ISR                          
0     000828bb  _RTOS_ISR                             
0     000828c0  _EMU_ISR                              
0     000828c5  _NMI_ISR                              
0     000828ca  _ILLEGAL_ISR                          
0     000828cf  _USER1_ISR                            
0     000828d4  _USER2_ISR                            
0     000828d9  _USER3_ISR                            
0     000828de  _USER4_ISR                            
0     000828e3  _USER5_ISR                            
0     000828e8  _USER6_ISR                            
0     000828ed  _USER7_ISR                            
0     000828f2  _USER8_ISR                            
0     000828f7  _USER9_ISR                            
0     000828fc  _USER10_ISR                           
0     00082901  _USER11_ISR                           
0     00082906  _USER12_ISR                           
0     0008290b  _ADCA1_ISR                            
0     00082910  _ADCB1_ISR                            
0     00082915  _ADCC1_ISR                            
0     0008291a  _XINT1_ISR                            
0     0008291f  _XINT2_ISR                            
0     00082924  _ADCD1_ISR                            
0     00082929  _TIMER0_ISR                           
0     0008292e  _WAKE_ISR                             
0     00082933  _EPWM1_TZ_ISR                         
0     00082938  _EPWM2_TZ_ISR                         
0     0008293d  _EPWM3_TZ_ISR                         
0     00082942  _EPWM4_TZ_ISR                         
0     00082947  _EPWM5_TZ_ISR                         
0     0008294c  _EPWM6_TZ_ISR                         
0     00082951  _EPWM7_TZ_ISR                         
0     00082956  _EPWM8_TZ_ISR                         
0     0008295b  _EPWM1_ISR                            
0     00082960  _EPWM2_ISR                            
0     00082965  _EPWM3_ISR                            
0     0008296a  _EPWM4_ISR                            
0     0008296f  _EPWM5_ISR                            
0     00082974  _EPWM6_ISR                            
0     00082979  _EPWM7_ISR                            
0     0008297e  _EPWM8_ISR                            
0     00082983  _ECAP1_ISR                            
0     00082988  _ECAP2_ISR                            
0     0008298d  _ECAP3_ISR                            
0     00082992  _ECAP4_ISR                            
0     00082997  _ECAP5_ISR                            
0     0008299c  _ECAP6_ISR                            
0     000829a1  _EQEP1_ISR                            
0     000829a6  _EQEP2_ISR                            
0     000829ab  _EQEP3_ISR                            
0     000829b0  _SPIA_RX_ISR                          
0     000829b5  _SPIA_TX_ISR                          
0     000829ba  _SPIB_RX_ISR                          
0     000829bf  _SPIB_TX_ISR                          
0     000829c4  _MCBSPA_RX_ISR                        
0     000829c9  _MCBSPA_TX_ISR                        
0     000829ce  _MCBSPB_RX_ISR                        
0     000829d3  _MCBSPB_TX_ISR                        
0     000829d8  _DMA_CH1_ISR                          
0     000829dd  _DMA_CH2_ISR                          
0     000829e2  _DMA_CH3_ISR                          
0     000829e7  _DMA_CH4_ISR                          
0     000829ec  _DMA_CH5_ISR                          
0     000829f1  _DMA_CH6_ISR                          
0     000829f6  _I2CA_ISR                             
0     000829fb  _I2CA_FIFO_ISR                        
0     00082a00  _I2CB_ISR                             
0     00082a05  _I2CB_FIFO_ISR                        
0     00082a0a  _SCIC_RX_ISR                          
0     00082a0f  _SCIC_TX_ISR                          
0     00082a14  _SCID_RX_ISR                          
0     00082a19  _SCID_TX_ISR                          
0     00082a1e  _SCIA_RX_ISR                          
0     00082a23  _SCIA_TX_ISR                          
0     00082a28  _SCIB_RX_ISR                          
0     00082a2d  _SCIB_TX_ISR                          
0     00082a32  _CANA0_ISR                            
0     00082a37  _CANA1_ISR                            
0     00082a3c  _CANB0_ISR                            
0     00082a41  _CANB1_ISR                            
0     00082a46  _ADCA_EVT_ISR                         
0     00082a4b  _ADCA2_ISR                            
0     00082a50  _ADCA3_ISR                            
0     00082a55  _ADCA4_ISR                            
0     00082a5a  _ADCB_EVT_ISR                         
0     00082a5f  _ADCB2_ISR                            
0     00082a64  _ADCB3_ISR                            
0     00082a69  _ADCB4_ISR                            
0     00082a6e  _CLA1_1_ISR                           
0     00082a73  _CLA1_2_ISR                           
0     00082a78  _CLA1_3_ISR                           
0     00082a7d  _CLA1_4_ISR                           
0     00082a82  _CLA1_5_ISR                           
0     00082a87  _CLA1_6_ISR                           
0     00082a8c  _CLA1_7_ISR                           
0     00082a91  _CLA1_8_ISR                           
0     00082a96  _XINT3_ISR                            
0     00082a9b  _XINT4_ISR                            
0     00082aa0  _XINT5_ISR                            
0     00082aa5  _VCU_ISR                              
0     00082aaa  _FPU_OVERFLOW_ISR                     
0     00082aaf  _FPU_UNDERFLOW_ISR                    
0     00082ab4  _IPC0_ISR                             
0     00082ab9  _IPC1_ISR                             
0     00082abe  _IPC2_ISR                             
0     00082ac3  _IPC3_ISR                             
0     00082ac8  _EPWM9_TZ_ISR                         
0     00082acd  _EPWM10_TZ_ISR                        
0     00082ad2  _EPWM11_TZ_ISR                        
0     00082ad7  _EPWM12_TZ_ISR                        
0     00082adc  _EPWM9_ISR                            
0     00082ae1  _EPWM10_ISR                           
0     00082ae6  _EPWM11_ISR                           
0     00082aeb  _EPWM12_ISR                           
0     00082af0  _SD1_ISR                              
0     00082af5  _SD2_ISR                              
0     00082afa  _SPIC_RX_ISR                          
0     00082aff  _SPIC_TX_ISR                          
0     00082b04  _UPPA_ISR                             
0     00082b09  _USBA_ISR                             
0     00082b0e  _ADCC_EVT_ISR                         
0     00082b13  _ADCC2_ISR                            
0     00082b18  _ADCC3_ISR                            
0     00082b1d  _ADCC4_ISR                            
0     00082b22  _ADCD_EVT_ISR                         
0     00082b27  _ADCD2_ISR                            
0     00082b2c  _ADCD3_ISR                            
0     00082b31  _ADCD4_ISR                            
0     00082b36  _EMIF_ERROR_ISR                       
0     00082b3b  _RAM_CORRECTABLE_ERROR_ISR            
0     00082b40  _FLASH_CORRECTABLE_ERROR_ISR          
0     00082b45  _RAM_ACCESS_VIOLATION_ISR             
0     00082b4a  _SYS_PLL_SLIP_ISR                     
0     00082b4f  _AUX_PLL_SLIP_ISR                     
0     00082b54  _CLA_OVERFLOW_ISR                     
0     00082b59  _CLA_UNDERFLOW_ISR                    
0     00082b5e  _PIE_RESERVED_ISR                     
0     00082b63  _EMPTY_ISR                            
0     00082b68  _NOTUSED_ISR                          
0     00082b6d  _InitGpio                             
0     00082bad  _GPIO_SetupPinMux                     
0     00082c39  _GPIO_SetupPinOptions                 
0     00082ccd  _GPIO_SetupLock                       
0     00082cf6  _GPIO_SetupXINT1Gpio                  
0     00082d00  _GPIO_SetupXINT2Gpio                  
0     00082d0a  _GPIO_SetupXINT3Gpio                  
0     00082d14  _GPIO_SetupXINT4Gpio                  
0     00082d1e  _GPIO_SetupXINT5Gpio                  
0     00082d28  _GPIO_EnableUnbondedIOPullupsFor176Pin
0     00082d41  _GPIO_EnableUnbondedIOPullupsFor100Pin
0     00082d66  _GPIO_EnableUnbondedIOPullups         
0     00082d7c  _GPIO_ReadPin                         
0     00082d93  _GPIO_WritePin                        
0     00082db1  _InitEPwmGpio                         
0     00082dca  _InitEPwm1Gpio                        
0     00082ddc  _InitEPwm2Gpio                        
0     00082dee  _InitEPwm3Gpio                        
0     00082e02  _InitEPwm4Gpio                        
0     00082e16  _InitEPwm5Gpio                        
0     00082e28  _InitEPwm6Gpio                        
0     00082e3a  _InitEPwm7Gpio                        
0     00082e4e  _InitEPwm8Gpio                        
0     00082e62  _InitEPwm9Gpio                        
0     00082e74  _InitEPwm10Gpio                       
0     00082e87  _InitEPwm11Gpio                       
0     00082e9b  _InitEPwm12Gpio                       
0     00082eae  _AdcSetMode                           
0     00082f51  _CalAdcINL                            
0     00082f8b  FS$$DIV                               
0     0008300e  FS$$SUB                               
0     00083013  FS$$ADD                               
0     00083086  _epwm7_isr                            
0     000830a4  _xint1_isr                            
0     000830c0  _adca1_isr                            
0     000830e3  FS$$MPY                               
0     0008313d  _c_int00                              
0     00083191  _copy_in                              
0     000831d7  C$$EXIT                               
0     000831d7  _abort                                
0     000831d9  _exit                                 
0     00083200  _InitPieCtrl                          
0     0008321f  _EnableInterrupts                     
0     00083228  _InitPieVectTable                     
0     0008324e  FS$$TOU                               
0     0008326b  _memcpy                               
0     00083288  _ddcopy                               
0     00083288  _dpcopy                               
0     00083288  _pdcopy                               
0     00083288  _ppcopy                               
0     000832a2  I$$TOFS                               
0     000832bc  __args_main                           
0     000832d5  U$$DIV                                
0     000832da  U$$MOD                                
0     000832e0  __register_unlock                     
0     000832e4  __register_lock                       
0     000832e8  __nop                                 
0     000832e9  __system_pre_init                     
0     000832eb  __system_post_cinit                   
0     00086000  _RamfuncsLoadStart                    
0     00086072  _RamfuncsLoadEnd                      
0     00090000  _PieVectTableInit                     
1     00000400  __stack                               
1     00000800  __STACK_END                           
1     00000b00  _AdcaResultRegs                       
1     00000b20  _AdcbResultRegs                       
1     00000b40  _AdccResultRegs                       
1     00000b60  _AdcdResultRegs                       
1     00000c00  _CpuTimer0Regs                        
1     00000c08  _CpuTimer1Regs                        
1     00000c10  _CpuTimer2Regs                        
1     00000ce0  _PieCtrlRegs                          
1     00000d00  _EmuKey                               
1     00000d00  _PieVectTable                         
1     00000d01  _EmuBMode                             
1     00001000  _DmaRegs                              
1     00001400  _Cla1Regs                             
1     00004000  _EPwm1Regs                            
1     00004100  _EPwm2Regs                            
1     00004200  _EPwm3Regs                            
1     00004300  _EPwm4Regs                            
1     00004400  _EPwm5Regs                            
1     00004500  _EPwm6Regs                            
1     00004600  _EPwm7Regs                            
1     00004700  _EPwm8Regs                            
1     00004800  _EPwm9Regs                            
1     00004900  _EPwm10Regs                           
1     00004a00  _EPwm11Regs                           
1     00004b00  _EPwm12Regs                           
1     00005000  _ECap1Regs                            
1     00005020  _ECap2Regs                            
1     00005040  _ECap3Regs                            
1     00005060  _ECap4Regs                            
1     00005080  _ECap5Regs                            
1     000050a0  _ECap6Regs                            
1     00005100  _EQep1Regs                            
1     00005140  _EQep2Regs                            
1     00005180  _EQep3Regs                            
1     00005c00  _DacaRegs                             
1     00005c10  _DacbRegs                             
1     00005c20  _DaccRegs                             
1     00005c80  _Cmpss1Regs                           
1     00005ca0  _Cmpss2Regs                           
1     00005cc0  _Cmpss3Regs                           
1     00005ce0  _Cmpss4Regs                           
1     00005d00  _Cmpss5Regs                           
1     00005d20  _Cmpss6Regs                           
1     00005d40  _Cmpss7Regs                           
1     00005d60  _Cmpss8Regs                           
1     00005e00  _Sdfm1Regs                            
1     00005e80  _Sdfm2Regs                            
1     00006000  _McbspaRegs                           
1     00006040  _McbspbRegs                           
1     00006100  _SpiaRegs                             
1     00006110  _SpibRegs                             
1     00006120  _SpicRegs                             
1     00006200  _UppRegs                              
1     00007000  _WdRegs                               
1     00007060  _NmiIntruptRegs                       
1     00007070  _XintRegs                             
1     00007200  _SciaRegs                             
1     00007210  _ScibRegs                             
1     00007220  _ScicRegs                             
1     00007230  _ScidRegs                             
1     00007300  _I2caRegs                             
1     00007340  _I2cbRegs                             
1     00007400  _AdcaRegs                             
1     00007480  _AdcbRegs                             
1     00007500  _AdccRegs                             
1     00007580  _AdcdRegs                             
1     00007900  _InputXbarRegs                        
1     00007920  _XbarRegs                             
1     00007940  _SyncSocRegs                          
1     00007980  _DmaClaSrcSelRegs                     
1     00007a00  _EPwmXbarRegs                         
1     00007a80  _OutputXbarRegs                       
1     00007c00  _GpioCtrlRegs                         
1     00007f00  _GpioDataRegs                         
1     0000a800  _operator                             
1     0000a801  _pre_state                            
1     0000a802  _state                                
1     0000a803  _resultsIndex                         
1     0000a804  _EPwm1TimerIntCount                   
1     0000a805  _bufferFull                           
1     0000a806  _sendstate                            
1     0000a807  _emmergency                           
1     0000a808  _pre_operator                         
1     0000a80a  _P                                    
1     0000a80c  _EPwm_CMP                             
1     0000a80e  _Pc                                   
1     0000a810  _G                                    
1     0000a812  _varVolt                              
1     0000a814  _Zp                                   
1     0000a816  _Xe                                   
1     0000a818  _varProcess                           
1     0000a81a  _Xp                                   
1     0000a81c  _epwm9_info                           
1     0000a824  _epwm8_info                           
1     0000a82c  _epwm7_info                           
1     0000a834  _msg_rec                              
1     0000a840  _AdcaResults                          
1     0000a940  ___TI_enable_exit_profile_output      
1     0000a942  ___TI_cleanup_ptr                     
1     0000a944  ___TI_dtors_ptr                       
1     0000a946  __lock                                
1     0000a948  __unlock                              
1     00047000  _Emif1Regs                            
1     00047800  _Emif2Regs                            
1     00050024  _FlashPumpSemaphoreRegs               
1     0005d000  _DevCfgRegs                           
1     0005d180  _AnalogSubsysRegs                     
1     0005d200  _ClkCfgRegs                           
1     0005d300  _CpuSysRegs                           
1     0005e608  _RomPrefetchRegs                      
1     0005f000  _DcsmZ1Regs                           
1     0005f040  _DcsmZ2Regs                           
1     0005f070  _DcsmCommonRegs                       
1     0005f400  _MemCfgRegs                           
1     0005f480  _Emif1ConfigRegs                      
1     0005f4a0  _Emif2ConfigRegs                      
1     0005f4c0  _AccessProtectionRegs                 
1     0005f500  _MemoryErrorRegs                      
1     0005f540  _RomWaitStateRegs                     
1     0005f800  _Flash0CtrlRegs                       
1     0005fb00  _Flash0EccRegs                        
1     0005fc00  _Flash1CtrlRegs                       
1     0005ff00  _Flash1EccRegs                        
1     00078000  _DcsmZ1Otp                            
1     00078200  _DcsmZ2Otp                            
abs   00000072  _RamfuncsLoadSize                     
abs   00000072  _RamfuncsRunSize                      
abs   00000400  __STACK_SIZE                          
abs   ffffffff  .text                                 
abs   ffffffff  ___TI_pprof_out_hndl                  
abs   ffffffff  ___TI_prof_data_size                  
abs   ffffffff  ___TI_prof_data_start                 
abs   ffffffff  ___binit__                            
abs   ffffffff  ___c_args__                           
abs   ffffffff  ___etext__                            
abs   ffffffff  ___pinit__                            
abs   ffffffff  ___text__                             
abs   ffffffff  binit                                 
abs   ffffffff  etext                                 
abs   ffffffff  pinit                                 

[399 symbols]
